2025-04-17T12:15:05.045Z [INFO]: Navigating to the login page...
2025-04-17T12:15:07.173Z [INFO]: Logging in with valid credentials...
2025-04-17T12:15:10.865Z [INFO]: Login successful.
2025-04-17T12:15:10.874Z [INFO]: Navigating to the My Orders page...
2025-04-17T12:15:12.743Z [INFO]: Checking for past orders or an empty message...
2025-04-17T12:15:12.857Z [INFO]: Found 1 orders.
2025-04-17T12:15:12.862Z [INFO]: Clicking on the first order in the list...
2025-04-17T12:15:16.069Z [INFO]: Navigated to the order details page.
2025-04-17T12:15:16.076Z [INFO]: Validating order details...
2025-04-17T12:15:16.414Z [INFO]: All order details are displayed successfully.
2025-04-17T12:24:10.396Z [INFO]: Navigating to the login page...
2025-04-17T12:24:14.774Z [INFO]: Logging in with valid credentials...
2025-04-17T12:24:20.143Z [INFO]: Login successful.
2025-04-17T12:24:20.149Z [INFO]: Navigating to the My Orders page...
2025-04-17T12:24:21.948Z [INFO]: Checking for past orders or an empty message...
2025-04-17T12:24:22.411Z [INFO]: Found 1 orders.
2025-04-17T12:24:22.418Z [INFO]: Clicking on the first order in the list...
2025-04-17T12:24:24.697Z [INFO]: Navigated to the order details page.
2025-04-17T12:24:24.704Z [INFO]: Validating order details...
2025-04-17T12:24:24.980Z [INFO]: All order details are displayed successfully.
2025-04-17T12:37:52.381Z [INFO]: Navigating to the homepage...
2025-04-17T12:37:52.427Z [INFO]: Navigating to the login page...
2025-04-17T12:37:56.116Z [INFO]: Logging in with valid credentials...
2025-04-17T12:37:57.449Z [INFO]: Searching for a valid product: T-shirt
2025-04-17T12:38:00.604Z [INFO]: Waiting for product results to appear...
2025-04-17T12:38:03.933Z [INFO]: Login successful.
2025-04-17T12:38:03.940Z [INFO]: Navigating to the My Orders page...
2025-04-17T12:38:05.052Z [INFO]: Found 12 product(s) in the search results.
2025-04-17T12:38:05.162Z [INFO]: First product title: "Radiant Tee"
2025-04-17T12:38:06.422Z [INFO]: Checking for past orders or an empty message...
2025-04-17T12:38:06.552Z [INFO]: Found 1 orders.
2025-04-17T12:38:06.558Z [INFO]: Clicking on the first order in the list...
2025-04-17T12:38:08.780Z [INFO]: Navigated to the order details page.
2025-04-17T12:38:08.786Z [INFO]: Validating order details...
2025-04-17T12:38:08.990Z [INFO]: All order details are displayed successfully.
2025-04-17T13:31:47.971Z [INFO]: Navigating to the login page...
2025-04-17T13:31:51.571Z [INFO]: Logging in with valid credentials...
2025-04-17T13:32:01.086Z [INFO]: Login successful.
2025-04-17T13:32:01.096Z [INFO]: Navigating to the My Orders page...
2025-04-17T13:32:02.823Z [INFO]: Checking for past orders or an empty message...
2025-04-17T13:32:03.272Z [INFO]: Found 1 orders.
2025-04-17T13:32:03.278Z [INFO]: Clicking on the first order in the list...
2025-04-17T13:32:05.588Z [INFO]: Navigated to the order details page.
2025-04-17T13:32:05.596Z [INFO]: Validating order details...
2025-04-17T13:32:05.880Z [INFO]: All order details are displayed successfully.
2025-04-17T15:15:39.076Z [INFO]: Navigating to the login page...
2025-04-17T15:15:42.972Z [INFO]: Logging in with valid credentials...
2025-04-17T15:15:49.100Z [INFO]: Login successful.
2025-04-17T15:15:49.109Z [INFO]: Navigating to the My Orders page...
2025-04-17T15:15:51.628Z [INFO]: Checking for past orders or an empty message...
2025-04-17T15:15:52.171Z [INFO]: Found 1 orders.
2025-04-17T15:15:52.178Z [INFO]: Clicking on the first order in the list...
2025-04-17T15:15:54.819Z [INFO]: Navigated to the order details page.
2025-04-17T15:15:54.826Z [INFO]: Validating order details...
2025-04-17T15:15:55.116Z [INFO]: All order details are displayed successfully.
2025-04-17T15:31:34.932Z [INFO]: Navigating to the product detail page for: Cotton T-shirt
2025-04-17T15:32:11.858Z [INFO]: Selecting size: Size: M
2025-04-17T15:33:48.551Z [INFO]: Navigating to the product detail page for: Cotton T-shirt
2025-04-17T15:36:29.627Z [INFO]: Navigating to the product detail page for: Cotton T-shirt
2025-04-17T15:40:12.620Z [INFO]: Navigating to the product detail page for: Cotton T-shirt
2025-04-17T15:40:40.385Z [INFO]: Navigated to the product detail page for: Cotton T-shirt
2025-04-17T15:40:40.828Z [INFO]: Attempting to select size: Size: M
2025-04-17T15:44:10.928Z [INFO]: Navigating to the product detail page for: Cotton T-shirt
2025-04-17T15:44:18.880Z [INFO]: Navigated to the product detail page for: Cotton T-shirt
2025-04-17T15:46:51.921Z [INFO]: Navigating to the product detail page for: Cotton T-shirt
2025-04-17T15:46:59.680Z [INFO]: Navigated to the product detail page for: Cotton T-shirt
2025-04-17T15:46:59.688Z [INFO]: Attempting to select size: Size: M and color: Color: Purple
2025-04-17T15:48:39.118Z [INFO]: Navigating to the product detail page for: Cotton T-shirt
2025-04-17T15:48:47.633Z [INFO]: Navigated to the product detail page for: Cotton T-shirt
2025-04-17T15:48:47.644Z [INFO]: Attempting to select size: Size: M and color: Color: Purple
2025-04-17T15:48:49.111Z [ERROR]: Size option 'Size: M' does not exist in the DOM.
2025-04-17T15:49:34.516Z [INFO]: Navigating to the product detail page for: Cotton T-shirt
2025-04-17T15:49:46.008Z [INFO]: Navigated to the product detail page for: Cotton T-shirt
2025-04-17T15:49:46.018Z [INFO]: Attempting to select size: Size: M and color: Color: Purple
2025-04-17T15:49:47.637Z [INFO]: Size 'Size: M' selected successfully.
2025-04-17T15:49:47.972Z [INFO]: Color 'Color: Purple' selected successfully.
2025-04-17T15:49:47.981Z [INFO]: Clicking the button: Add to Cart
2025-04-17T15:49:48.288Z [INFO]: Verifying success message appears
2025-04-17T15:49:50.449Z [INFO]: Success message verified
2025-04-17T15:49:50.453Z [INFO]: Verifying cart item count increases
2025-04-17T15:49:50.531Z [INFO]: Cart item count increased to: 1
